<html>
    <head>
        <title>Document</title>
    </head>
    <body>
        <h1>Test Page</h1>
        <p>This is a test page for testing purposes</p>
    </body>
</html>